// Jest Snapshot v1, https://goo.gl/fbAQLP

exports[`EditSection renders tabs and section 1`] = `
<Panel
  className="EditSection"
>
  <div
    className="TabsWrapper"
  >
    <Tabs
      color="blue"
      connectBelow={true}
      onSelect={[Function]}
      selected={0}
      tabs={
        Array [
          Object {
            "content": "HTML",
            "key": "html",
          },
          Object {
            "content": "AMP HTML",
            "key": "amp_html",
          },
          Object {
            "content": "Text",
            "key": "text",
          },
          Object {
            "content": "Test Data",
            "key": "test_data",
          },
        ]
      }
    />
  </div>
  <EditHtmlSection />
</Panel>
`;
