// Jest Snapshot v1, https://goo.gl/fbAQLP

exports[`EditorContext EditorContextProvider renders children wrapped by a context provider 1`] = `
<ContextProvider
  value={
    Object {
      "annotations": Object {
        "amp_html": Array [],
        "html": Array [],
        "text": Array [],
      },
      "content": Object {},
      "currentNavigationIndex": 0,
      "currentNavigationKey": "content",
      "currentTabIndex": 0,
      "currentTabKey": "html",
      "formattedTestData": Object {},
      "previewDevice": "desktop",
      "setContent": [Function],
      "setNavigation": [Function],
      "setPreviewDevice": [Function],
      "setTab": [Function],
      "setTestData": [Function],
      "syncTestDataInStorage": [Function],
      "testData": undefined,
    }
  }
>
  <div>
    Hello
  </div>
</ContextProvider>
`;
