// Jest Snapshot v1, https://goo.gl/fbAQLP

exports[`Top should render close icon when open 1`] = `
<div
  className="Top"
>
  <UnstyledLink
    className="Menu"
    onClick={[MockFunction]}
  >
    <Close
      size={24}
    />
  </UnstyledLink>
  <Link
    className="MobileLogo"
    to="/landing"
  >
    <Logo
      type="halfWhite"
    />
  </Link>
  <div
    className="MobileAccountDropdownWrapper"
  >
    <Connect(AccountDropdown) />
  </div>
</div>
`;

exports[`Top should render correctly on desktop 1`] = `
<div
  className="Top"
>
  <Link
    className="Logo"
    to="/landing"
  >
    <Logo
      type="halfWhite"
    />
  </Link>
  <div
    className="RightSideWrapper"
  >
    <Connect(NotificationCenter) />
    <HelpOutline
      className="SupportIcon"
      onClick={[Function]}
      size={22}
    />
    <Connect(AccountDropdown) />
  </div>
</div>
`;

exports[`Top should render correctly on mobile 1`] = `
<div
  className="Top"
>
  <UnstyledLink
    className="Menu"
    onClick={[MockFunction]}
  >
    <Menu
      size={24}
    />
  </UnstyledLink>
  <Link
    className="MobileLogo"
    to="/landing"
  >
    <Logo
      type="halfWhite"
    />
  </Link>
  <div
    className="MobileAccountDropdownWrapper"
  >
    <Connect(AccountDropdown) />
  </div>
</div>
`;
