// Jest Snapshot v1, https://goo.gl/fbAQLP

exports[`SettingsForm renders without subaccounts 1`] = `
<Fragment>
  <form
    onSubmit={[Function]}
  >
    <Panel.Section>
      <Field
        component={[Function]}
        disabled={false}
        label="Template Name"
        name="name"
        validate={[Function]}
      />
      <Field
        component={[Function]}
        disabled={true}
        helpText="A Unique ID for your template, we'll fill this in for you."
        label="Template ID"
        name="id"
      />
    </Panel.Section>
    <Panel.Section>
      <Field
        component={[Function]}
        disabled={false}
        label="Subject"
        name="content.subject"
        validate={[Function]}
      />
      <Field
        component={[Function]}
        disabled={false}
        domains={
          Array [
            Object {
              "domain": "test.com",
            },
            Object {
              "domain": "verified.com",
            },
          ]
        }
        helpText={null}
        label="From Email"
        name="content.from.email"
        placeholder="example@email.com"
        validate={
          Array [
            [Function],
            [Function],
          ]
        }
      />
      <Field
        component={[Function]}
        disabled={false}
        helpText="A friendly from for your recipients."
        label="From Name"
        name="content.from.name"
      />
      <Field
        component={[Function]}
        disabled={false}
        helpText="An email address recipients can reply to."
        label="Reply To"
        name="content.reply_to"
        validate={[Function]}
      />
      <Field
        component={[Function]}
        disabled={false}
        helpText="Not visible to recipients."
        label="Description"
        name="description"
      />
    </Panel.Section>
    <Panel.Section>
      <Field
        component={[Function]}
        disabled={false}
        label="Track Opens"
        name="options.open_tracking"
        parse={[Function]}
        type="checkbox"
      />
      <Field
        component={[Function]}
        disabled={false}
        label="Track Clicks"
        name="options.click_tracking"
        parse={[Function]}
        type="checkbox"
      />
      <Field
        component={[Function]}
        disabled={false}
        helpText={
          <p
            className="HelpText"
          >
            Transactional messages are triggered by a userâ€™s actions on the website, like requesting a password reset, signing up, or making a purchase.
          </p>
        }
        label="Transactional"
        name="options.transactional"
        parse={[Function]}
        type="checkbox"
      />
    </Panel.Section>
    <Panel.Section>
      <Button
        disabled={true}
        primary={true}
        size="default"
        type="submit"
      >
        Update Settings
      </Button>
      <DeleteTemplate
        afterDelete={[Function]}
        className="DeleteButton"
      >
        Delete Template
      </DeleteTemplate>
    </Panel.Section>
  </form>
</Fragment>
`;
