// Jest Snapshot v1, https://goo.gl/fbAQLP

exports[`Signals Overview Page renders page 1`] = `
<SignalsPage
  title="Signals Overview"
>
  <Panel
    sectioned={true}
  >
    <Grid>
      <Grid.Column
        xs={4}
      >
        <Connect(DateFilter) />
      </Grid.Column>
      <Connect(FacetFilter) />
      <Connect(Connect(SubaccountFilter)) />
    </Grid>
  </Panel>
  <Connect(withRouter(Connect(HealthScoreOverview))) />
  <Connect(withRouter(Connect(SpamTrapOverview))) />
  <Connect(withRouter(Connect(EngagementRecencyOverview))) />
</SignalsPage>
`;
