// Jest Snapshot v1, https://goo.gl/fbAQLP

exports[`HealthScoreOverview current score column component renders current score 1`] = `
<NumericDataCell
  value={99}
/>
`;

exports[`HealthScoreOverview renders both subaccount and facet columns 1`] = `
<Panel>
  <div
    className="Header"
  >
    <h5>
      Health Score Summary
    </h5>
    <div
      className="Tooltip"
    >
      <Tooltip
        bottom={true}
        content="
  This is a predictive score that monitors your email health to identify problems before
  they negatively impact email delivery. This score is informed by message events,
  including bounces, spam trap hits, and engagement across our entire network.
"
        dark={true}
        forcePosition={false}
        horizontalOffset="-1rem"
        preferredDirection={
          Object {
            "bottom": true,
            "left": false,
            "right": true,
            "top": false,
          }
        }
        right={true}
      >
        <InfoOutline
          className="TooltipIcon"
          size={18}
        />
      </Tooltip>
    </div>
  </div>
  <Connect(SummaryTable)
    data={
      Array [
        Object {
          "WoW": 0.1,
          "average_health_score": 98,
          "current_health_score": 98,
          "domain": "example.com",
          "history": Array [
            Object {
              "date": "2018-01-13",
              "health_score": 98,
            },
          ],
          "sid": 123,
        },
      ]
    }
    empty={false}
    loading={false}
    tableName="Test"
    totalCount={1}
  >
    <Column
      component={[Function]}
      dataKey="sid"
      label="Subaccount"
      sortable={true}
      width="15%"
    />
    <Column
      component={[Function]}
      dataKey="domain"
      label="Domain"
      sortable={true}
      width="15%"
    />
    <Column
      component={[Function]}
      dataKey="history"
      label="Daily Health Score"
      width="30%"
    />
    <Column
      align="right"
      component={[Function]}
      dataKey="current_health_score"
      label="Current Score"
      sortable={true}
      width="12.5%"
    />
    <Column
      align="right"
      component={[Function]}
      dataKey="WoW"
      label={<WoWHeaderCell />}
      width="12.5%"
    />
    <Column
      align="right"
      component={[Function]}
      dataKey="average_health_score"
      label="Average Score"
      width="15%"
    />
  </Connect(SummaryTable)>
</Panel>
`;

exports[`HealthScoreOverview renders overview panel with controls and table 1`] = `
<Panel>
  <div
    className="Header"
  >
    <h5>
      Health Score Summary
    </h5>
    <div
      className="Tooltip"
    >
      <Tooltip
        bottom={true}
        content="
  This is a predictive score that monitors your email health to identify problems before
  they negatively impact email delivery. This score is informed by message events,
  including bounces, spam trap hits, and engagement across our entire network.
"
        dark={true}
        forcePosition={false}
        horizontalOffset="-1rem"
        preferredDirection={
          Object {
            "bottom": true,
            "left": false,
            "right": true,
            "top": false,
          }
        }
        right={true}
      >
        <InfoOutline
          className="TooltipIcon"
          size={18}
        />
      </Tooltip>
    </div>
  </div>
  <Connect(SummaryTable)
    data={
      Array [
        Object {
          "WoW": 0.1,
          "average_health_score": 98,
          "current_health_score": 98,
          "domain": "example.com",
          "history": Array [
            Object {
              "date": "2018-01-13",
              "health_score": 98,
            },
          ],
          "sid": 123,
        },
      ]
    }
    empty={false}
    loading={false}
    tableName="Test"
    totalCount={1}
  >
    <Column
      component={[Function]}
      dataKey="domain"
      label="Domain"
      sortable={true}
      width="30%"
    />
    <Column
      component={[Function]}
      dataKey="history"
      label="Daily Health Score"
      width="30%"
    />
    <Column
      align="right"
      component={[Function]}
      dataKey="current_health_score"
      label="Current Score"
      sortable={true}
      width="12.5%"
    />
    <Column
      align="right"
      component={[Function]}
      dataKey="WoW"
      label={<WoWHeaderCell />}
      width="12.5%"
    />
    <Column
      align="right"
      component={[Function]}
      dataKey="average_health_score"
      label="Average Score"
      width="15%"
    />
  </Connect(SummaryTable)>
</Panel>
`;
