// Jest Snapshot v1, https://goo.gl/fbAQLP

exports[`ToggleBlock should render 1`] = `
<div
  className="ToggleBlock"
>
  <Grid>
    <Grid.Column
      xs={8}
    >
      <label
        className="Label"
      >
        label
      </label>
    </Grid.Column>
    <Grid.Column
      xs={4}
    >
      <div
        className="ToggleWrapper"
      >
        <Toggle
          id="name"
          name="name"
        />
      </div>
    </Grid.Column>
  </Grid>
  <div
    className="Help"
  >
    some help
  </div>
</div>
`;
