// Jest Snapshot v1, https://goo.gl/fbAQLP

exports[`Signals Health Score Dashboard renders page 1`] = `
<SignalsPage
  primaryArea={
    <Connect(DateFilter)
      left={true}
    />
  }
  title="Health Score"
>
  <Grid>
    <Grid.Column
      lg={5}
      xl={4}
      xs={12}
    >
      <Connect(CurrentHealthGauge) />
    </Grid.Column>
    <Grid.Column
      lg={7}
      xl={8}
      xs={12}
    >
      <Connect(HealthScoreChart) />
    </Grid.Column>
  </Grid>
  <Connect(withRouter(Connect(HealthScoreOverview)))
    header={
      <Grid>
        <Connect(FacetFilter) />
        <Connect(Connect(SubaccountFilter)) />
      </Grid>
    }
    hideTitle={true}
    subaccounts={
      Array [
        "sub1",
        "sub2",
      ]
    }
  />
</SignalsPage>
`;
