// Jest Snapshot v1, https://goo.gl/fbAQLP

exports[`Signals Spam Trap Dashboard Dashboard renders page 1`] = `
<SignalsPage
  title="Spam Trap Monitoring"
>
  <Panel
    sectioned={true}
  >
    <Grid>
      <Grid.Column
        xs={4}
      >
        <Connect(DateFilter) />
      </Grid.Column>
      <Connect(FacetFilter) />
      <Connect(Connect(SubaccountFilter)) />
    </Grid>
  </Panel>
  <Connect(withRouter(Connect(SpamTrapOverview)))
    hideTitle={true}
  />
</SignalsPage>
`;
