// Jest Snapshot v1, https://goo.gl/fbAQLP

exports[`Date helpers fillByDate returns sorted and filled dataset 1`] = `
Array [
  Object {
    "date": "2018-01-26",
    "value": null,
  },
  Object {
    "date": "2018-01-27",
    "value": null,
  },
  Object {
    "date": "2018-01-28",
    "value": null,
  },
  Object {
    "date": "2018-01-29",
    "value": null,
  },
  Object {
    "date": "2018-01-30",
    "value": 123,
  },
  Object {
    "date": "2018-01-31",
    "value": null,
  },
  Object {
    "date": "2018-02-01",
    "value": null,
  },
  Object {
    "date": "2018-02-02",
    "value": 234,
  },
]
`;

exports[`Date helpers fillByDate returns sorted and filled dataset with custom date 1`] = `
Array [
  Object {
    "date": "2018-02-01",
    "value": null,
  },
  Object {
    "date": "2018-02-02",
    "value": null,
  },
]
`;
