// Jest Snapshot v1, https://goo.gl/fbAQLP

exports[`Component: CollectionView should render correctly with basic props 1`] = `
<PassThroughWrapper>
  <headerComponent />
  <PassThroughWrapper>
    <rowComponent
      id={0}
      key="row-0"
      name="row-name--0"
    />
    <rowComponent
      id={1}
      key="1-1"
      name="row-name--1"
    />
    <rowComponent
      id={2}
      key="2-2"
      name="row-name--2"
    />
    <rowComponent
      id={3}
      key="3-3"
      name="row-name--3"
    />
    <rowComponent
      id={4}
      key="4-4"
      name="row-name--4"
    />
    <rowComponent
      id={5}
      key="5-5"
      name="row-name--5"
    />
    <rowComponent
      id={6}
      key="6-6"
      name="row-name--6"
    />
    <rowComponent
      id={7}
      key="7-7"
      name="row-name--7"
    />
    <rowComponent
      id={8}
      key="8-8"
      name="row-name--8"
    />
    <rowComponent
      id={9}
      key="9-9"
      name="row-name--9"
    />
    <rowComponent
      id={10}
      key="10-10"
      name="row-name--10"
    />
    <rowComponent
      id={11}
      key="11-11"
      name="row-name--11"
    />
    <rowComponent
      id={12}
      key="12-12"
      name="row-name--12"
    />
    <rowComponent
      id={13}
      key="13-13"
      name="row-name--13"
    />
    <rowComponent
      id={14}
      key="14-14"
      name="row-name--14"
    />
  </PassThroughWrapper>
</PassThroughWrapper>
`;

exports[`Component: CollectionView should render with custom wrappers 1`] = `
<CustomOuterWrapper>
  <headerComponent />
  <CustomBodyWrapper>
    <rowComponent
      id={0}
      key="row-0"
      name="row-name--0"
    />
    <rowComponent
      id={1}
      key="1-1"
      name="row-name--1"
    />
    <rowComponent
      id={2}
      key="2-2"
      name="row-name--2"
    />
  </CustomBodyWrapper>
</CustomOuterWrapper>
`;
