// Jest Snapshot v1, https://goo.gl/fbAQLP

exports[`Component: FilteringCollection should render async fetched rows 1`] = `
<React.Fragment>
  <FilterBox
    onChange={[Function]}
  />
  <TableCollectionView
    fetchRows={[Function]}
    rowCount={10}
    rows={
      Array [
        Object {
          "id": 0,
          "name": "row-name-0-0",
        },
        Object {
          "id": 1,
          "name": "row-name-0-1",
        },
        Object {
          "id": 2,
          "name": "row-name-0-2",
        },
        Object {
          "id": 3,
          "name": "row-name-0-3",
        },
        Object {
          "id": 4,
          "name": "row-name-0-4",
        },
        Object {
          "id": 5,
          "name": "row-name-1-5",
        },
        Object {
          "id": 6,
          "name": "row-name-1-6",
        },
        Object {
          "id": 7,
          "name": "row-name-1-7",
        },
        Object {
          "id": 8,
          "name": "row-name-1-8",
        },
        Object {
          "id": 9,
          "name": "row-name-1-9",
        },
      ]
    }
  />
</React.Fragment>
`;

exports[`Component: FilteringCollection should render initial rows if provided 1`] = `
<React.Fragment>
  <FilterBox
    onChange={[Function]}
  />
  <TableCollectionView
    fetchRows={[Function]}
    rowCount={10}
    rows={
      Array [
        Object {
          "id": 0,
          "name": "row-name-0-0",
        },
        Object {
          "id": 1,
          "name": "row-name-0-1",
        },
        Object {
          "id": 2,
          "name": "row-name-0-2",
        },
        Object {
          "id": 3,
          "name": "row-name-0-3",
        },
        Object {
          "id": 4,
          "name": "row-name-0-4",
        },
        Object {
          "id": 5,
          "name": "row-name-1-5",
        },
        Object {
          "id": 6,
          "name": "row-name-1-6",
        },
        Object {
          "id": 7,
          "name": "row-name-1-7",
        },
        Object {
          "id": 8,
          "name": "row-name-1-8",
        },
        Object {
          "id": 9,
          "name": "row-name-1-9",
        },
      ]
    }
  />
</React.Fragment>
`;

exports[`Component: FilteringCollection should render sync fetched rows 1`] = `
<React.Fragment>
  <FilterBox
    onChange={[Function]}
  />
  <TableCollectionView
    fetchRows={[Function]}
    rowCount={10}
    rows={
      Array [
        Object {
          "id": 0,
          "name": "row-name-0-0",
        },
        Object {
          "id": 1,
          "name": "row-name-0-1",
        },
        Object {
          "id": 2,
          "name": "row-name-0-2",
        },
        Object {
          "id": 3,
          "name": "row-name-0-3",
        },
        Object {
          "id": 4,
          "name": "row-name-0-4",
        },
        Object {
          "id": 5,
          "name": "row-name-1-5",
        },
        Object {
          "id": 6,
          "name": "row-name-1-6",
        },
        Object {
          "id": 7,
          "name": "row-name-1-7",
        },
        Object {
          "id": 8,
          "name": "row-name-1-8",
        },
        Object {
          "id": 9,
          "name": "row-name-1-9",
        },
      ]
    }
  />
</React.Fragment>
`;
