// Jest Snapshot v1, https://goo.gl/fbAQLP

exports[`Component: ProtectedRoute should redirect to auth if you are not logged in 1`] = `
<Redirect
  to={
    Object {
      "pathname": "/auth",
      "state": Object {
        "redirectAfterLogin": Object {
          "hash": "#anchor",
          "pathname": "/path",
          "search": "?deep=true",
        },
      },
    }
  }
/>
`;

exports[`Component: ProtectedRoute should render component 1`] = `
<ErrorBoundary>
  <Route
    location={
      Object {
        "hash": "",
        "pathname": "/path",
        "search": "",
      }
    }
    path="/foo/bar"
    render={[Function]}
  />
</ErrorBoundary>
`;

exports[`Component: ProtectedRoute should render route if logged in 1`] = `
<ErrorBoundary>
  <Route
    location={
      Object {
        "hash": "",
        "pathname": "/path",
        "search": "",
      }
    }
    path="/foo/bar"
    render={[Function]}
  />
</ErrorBoundary>
`;
